test_conflicting_executors_fail_before_profile_or_hardware_access (test_supported_preload_cli.SupportedPreloadCLITests.test_conflicting_executors_fail_before_profile_or_hardware_access) ... ok
test_dedicated_execution_flag_forwards_absolute_runner_selection (test_supported_preload_cli.SupportedPreloadCLITests.test_dedicated_execution_flag_forwards_absolute_runner_selection) ... ok
test_default_preload_plan_never_loads_model_or_opens_devices (test_supported_preload_cli.SupportedPreloadCLITests.test_default_preload_plan_never_loads_model_or_opens_devices) ... ok
test_ordinary_profile_cannot_use_preload_execute_flag (test_supported_preload_cli.SupportedPreloadCLITests.test_ordinary_profile_cannot_use_preload_execute_flag) ... ok
test_preload_profile_cannot_use_generic_supported_or_fixed_catch_flag (test_supported_preload_cli.SupportedPreloadCLITests.test_preload_profile_cannot_use_generic_supported_or_fixed_catch_flag) ... ok
test_preload_requires_absolute_cadence_before_model_or_devices (test_supported_preload_cli.SupportedPreloadCLITests.test_preload_requires_absolute_cadence_before_model_or_devices) ... ok
test_support_and_cutoff_are_still_required (test_supported_preload_cli.SupportedPreloadCLITests.test_support_and_cutoff_are_still_required) ... ok
test_all_candidate_permission_flags_must_stay_false (test_supported_preload_path.SupportedPreloadPathTests.test_all_candidate_permission_flags_must_stay_false) ... ok
test_all_profile_numerical_fields_reject_bool_nonfinite_and_wrong_types (test_supported_preload_path.SupportedPreloadPathTests.test_all_profile_numerical_fields_reject_bool_nonfinite_and_wrong_types) ... ok
test_bad_timing_and_stationary_pd_limits_fail_closed (test_supported_preload_path.SupportedPreloadPathTests.test_bad_timing_and_stationary_pd_limits_fail_closed) ... ok
test_bound_origin_path_and_cursor_cannot_be_reassigned (test_supported_preload_path.SupportedPreloadPathTests.test_bound_origin_path_and_cursor_cannot_be_reassigned) ... ok
test_cheap_extrema_cover_every_encoded_target_for_both_signs (test_supported_preload_path.SupportedPreloadPathTests.test_cheap_extrema_cover_every_encoded_target_for_both_signs) ... ok
test_cheap_fresh_anchor_check_rejects_encoded_endpoint_beyond_bound (test_supported_preload_path.SupportedPreloadPathTests.test_cheap_fresh_anchor_check_rejects_encoded_endpoint_beyond_bound) ... ok
test_every_shifted_target_is_checked_against_reviewed_bounds (test_supported_preload_path.SupportedPreloadPathTests.test_every_shifted_target_is_checked_against_reviewed_bounds) ... ok
test_extreme_finite_calibration_does_not_raise_overflow (test_supported_preload_path.SupportedPreloadPathTests.test_extreme_finite_calibration_does_not_raise_overflow) ... ok
test_finite_extension_returns_and_retains_both_raw_signs_and_turn (test_supported_preload_path.SupportedPreloadPathTests.test_finite_extension_returns_and_retains_both_raw_signs_and_turn) ... ok
test_float_path_at_limit_cannot_hide_out_of_bounds_encoded_reference (test_supported_preload_path.SupportedPreloadPathTests.test_float_path_at_limit_cannot_hide_out_of_bounds_encoded_reference) ... ok
test_model_raw_disagreement_rejected_even_when_each_difference_is_small (test_supported_preload_path.SupportedPreloadPathTests.test_model_raw_disagreement_rejected_even_when_each_difference_is_small) ... ok
test_partial_nonfinite_or_branch_shifted_path_rejected (test_supported_preload_path.SupportedPreloadPathTests.test_partial_nonfinite_or_branch_shifted_path_rejected) ... ok
test_path_mutation_after_validation_cannot_change_loaded_targets (test_supported_preload_path.SupportedPreloadPathTests.test_path_mutation_after_validation_cannot_change_loaded_targets) ... ok
test_profile_motion_limits_are_positive_and_within_preload_scope (test_supported_preload_path.SupportedPreloadPathTests.test_profile_motion_limits_are_positive_and_within_preload_scope) ... ok
test_profile_structure_and_missing_fields_fail_with_validation_error (test_supported_preload_path.SupportedPreloadPathTests.test_profile_structure_and_missing_fields_fail_with_validation_error) ... ok
test_repeated_reversed_or_skipped_slots_are_rejected (test_supported_preload_path.SupportedPreloadPathTests.test_repeated_reversed_or_skipped_slots_are_rejected) ... ok
test_small_origin_difference_is_explicit_and_larger_drift_rejected (test_supported_preload_path.SupportedPreloadPathTests.test_small_origin_difference_is_explicit_and_larger_drift_rejected) ... ok
test_start_return_and_slew_cannot_be_replaced_with_a_step (test_supported_preload_path.SupportedPreloadPathTests.test_start_return_and_slew_cannot_be_replaced_with_a_step) ... ok
test_wire_audit_distinguishes_quantized_steps_from_physical_motion (test_supported_preload_path.SupportedPreloadPathTests.test_wire_audit_distinguishes_quantized_steps_from_physical_motion) ... ok
test_wire_audit_requires_consistent_fresh_anchors_and_never_changes_path (test_supported_preload_path.SupportedPreloadPathTests.test_wire_audit_requires_consistent_fresh_anchors_and_never_changes_path) ... ok
test_wire_position_matches_canonical_python_at_grid_boundaries (test_supported_preload_path.SupportedPreloadPathTests.test_wire_position_matches_canonical_python_at_grid_boundaries) ... ok
test_wire_position_matches_cpp_byte_encoder_for_complete_signed_branch_path (test_supported_preload_path.SupportedPreloadPathTests.test_wire_position_matches_cpp_byte_encoder_for_complete_signed_branch_path) ... ok
test_cli_preload_template_is_private_unapproved_and_never_overwritten (test_supported_preload_profile.SupportedPreloadProfileTests.test_cli_preload_template_is_private_unapproved_and_never_overwritten) ... ok
test_exact_source_power_epoch_and_all500_steady_deadlines_required (test_supported_preload_profile.SupportedPreloadProfileTests.test_exact_source_power_epoch_and_all500_steady_deadlines_required) ... ok
test_mode_cannot_be_repurposed_for_gain_duration_or_timing_escalation (test_supported_preload_profile.SupportedPreloadProfileTests.test_mode_cannot_be_repurposed_for_gain_duration_or_timing_escalation) ... ok
test_old_source_manifest_remains_exact_and_extra_only_for_opt_in (test_supported_preload_profile.SupportedPreloadProfileTests.test_old_source_manifest_remains_exact_and_extra_only_for_opt_in) ... ok
test_path_screen_failure_or_missing_blocker_review_is_not_waivable (test_supported_preload_profile.SupportedPreloadProfileTests.test_path_screen_failure_or_missing_blocker_review_is_not_waivable) ... ok
test_software_fault_stop_and_physical_direction_are_required (test_supported_preload_profile.SupportedPreloadProfileTests.test_software_fault_stop_and_physical_direction_are_required) ... ok
test_source_and_capture_angles_cannot_be_substituted (test_supported_preload_profile.SupportedPreloadProfileTests.test_source_and_capture_angles_cannot_be_substituted) ... ok
test_supported_finite_path_has_loader_token_and_preserves_candidate (test_supported_preload_profile.SupportedPreloadProfileTests.test_supported_finite_path_has_loader_token_and_preserves_candidate) ... ok
test_template_plan_only_has_no_proof_and_does_not_open_artifacts (test_supported_preload_profile.SupportedPreloadProfileTests.test_template_plan_only_has_no_proof_and_does_not_open_artifacts) ... ok
test_token_is_not_reusable_with_changed_targets_gains_epoch_or_artifacts (test_supported_preload_profile.SupportedPreloadProfileTests.test_token_is_not_reusable_with_changed_targets_gains_epoch_or_artifacts) ... ok
test_capture_pose_drift_and_changed_raw_turn_fail_before_enable (test_supported_preload_runtime.SupportedPreloadRuntimeTests.test_capture_pose_drift_and_changed_raw_turn_fail_before_enable) ... ok
test_first_and_steady_preload_deadlines_have_no_learned_startup_allowance (test_supported_preload_runtime.SupportedPreloadRuntimeTests.test_first_and_steady_preload_deadlines_have_no_learned_startup_allowance) ... ok
test_five_second_path_returns_before_normal_gain_down_and_stops_both_buses (test_supported_preload_runtime.SupportedPreloadRuntimeTests.test_five_second_path_returns_before_normal_gain_down_and_stops_both_buses) ... ok
test_measured_return_is_required_before_gain_down (test_supported_preload_runtime.SupportedPreloadRuntimeTests.test_measured_return_is_required_before_gain_down) ... ok
test_measured_torque_fault_retains_existing_hard_limit (test_supported_preload_runtime.SupportedPreloadRuntimeTests.test_measured_torque_fault_retains_existing_hard_limit) ... ok
test_numerical_path_is_revalidated_before_enable (test_supported_preload_runtime.SupportedPreloadRuntimeTests.test_numerical_path_is_revalidated_before_enable) ... ok
test_operator_cancellation_stops_immediately_without_a_forced_return (test_supported_preload_runtime.SupportedPreloadRuntimeTests.test_operator_cancellation_stops_immediately_without_a_forced_return) ... ok
test_origin_is_checked_again_after_zero_gain_startup (test_supported_preload_runtime.SupportedPreloadRuntimeTests.test_origin_is_checked_again_after_zero_gain_startup) ... ok
test_real_profile_loader_admission_executes_without_accessor_substitution (test_supported_preload_runtime.SupportedPreloadRuntimeTests.test_real_profile_loader_admission_executes_without_accessor_substitution) ... ok
test_relative_cadence_cannot_execute_a_geometric_path (test_supported_preload_runtime.SupportedPreloadRuntimeTests.test_relative_cadence_cannot_execute_a_geometric_path) ... ok
test_skipped_absolute_slot_is_not_replayed_or_compressed (test_supported_preload_runtime.SupportedPreloadRuntimeTests.test_skipped_absolute_slot_is_not_replayed_or_compressed) ... ok
test_stale_bus_feedback_stops_both_buses (test_supported_preload_runtime.SupportedPreloadRuntimeTests.test_stale_bus_feedback_stops_both_buses) ... ok
test_stale_imu_and_invalid_gravity_stop_without_inference (test_supported_preload_runtime.SupportedPreloadRuntimeTests.test_stale_imu_and_invalid_gravity_stop_without_inference) ... ok
test_unconfirmed_stop_never_reports_completion_or_safe_shutdown (test_supported_preload_runtime.SupportedPreloadRuntimeTests.test_unconfirmed_stop_never_reports_completion_or_safe_shutdown) ... ok
test_usb_write_failure_uses_existing_stop_owners (test_supported_preload_runtime.SupportedPreloadRuntimeTests.test_usb_write_failure_uses_existing_stop_owners) ... ok

----------------------------------------------------------------------
Ran 54 tests in 4.327s

OK
